<html>
<body>
<pre>
<h1>礦ision Build Log</h1>
<h2>Tool Versions:</h2>
IDE-Version: μVision V5.14.0.0
Copyright (C) 2015 ARM Ltd and ARM Germany GmbH. All rights reserved.
License Information: 4342 AutoBVT, Microsoft, LIC=JL28T-R2FJ6-302NC-7RXIA-HIEFL-RZ5CZ
 
Tool Versions:
Toolchain:       MDK-ARM Standard  Version: 5.14.0.0
Toolchain Path:  C:\Keil_v5\ARM\ARMCC\Bin
C Compiler:      Armcc.exe V5.05 update 1 (build 106)
Assembler:       Armasm.exe V5.05 update 1 (build 106)
Linker/Locator:  ArmLink.exe V5.05 update 1 (build 106)
Library Manager: ArmAr.exe V5.05 update 1 (build 106)
Hex Converter:   FromElf.exe V5.05 update 1 (build 106)
CPU DLL:         SARMCM3.DLL V5.14.0.0
Dialog DLL:      DCM.DLL V1.13.1.0
Target DLL:      STLink\ST-LINKIII-KEIL_SWO.dll V2.0.14.0_KEIL
Dialog DLL:      TCM.DLL V1.14.4.0
 
<h2>Project:</h2>
D:\TY\1.顶配版全向轮小车源码V2\USER\Minibalance.uvprojx
Project File Date:  06/14/2019

<h2>Output:</h2>
Build target 'Target 1'
compiling control.c...
..\BALANCE\CONTROL\control.c(332): warning:  #177-D: variable "angle" was declared but never referenced
        int angle = Yaw;  // 传感器测的偏角
..\BALANCE\CONTROL\control.c: 1 warning, 0 errors
linking...
Program Size: Code=44426 RO-data=6598 RW-data=560 ZI-data=3944  
FromELF: creating hex file...
"..\OBJ\Minibalance.axf" - 0 Error(s), 1 Warning(s).
</pre>
</body>
</html>
